2026-07-19 19:26:03.779 [main] INFO  com.enterprise.database.DatabaseManager - Initializing Database Connection Pool...
2026-07-19 19:26:03.804 [main] INFO  com.enterprise.config.ConfigManager - System property 'env' not set. Defaulting to 'qa' environment.
2026-07-19 19:26:03.837 [main] INFO  com.enterprise.config.ConfigManager - Successfully loaded configuration properties from: config/qa.properties
2026-07-19 19:26:03.870 [main] WARN  com.enterprise.config.ConfigManager - Property key 'db.pool.max' not found in configurations.
2026-07-19 19:26:03.871 [main] WARN  com.enterprise.config.ConfigManager - Property key 'db.pool.idle' not found in configurations.
2026-07-19 19:26:03.899 [main] INFO  com.zaxxer.hikari.HikariDataSource - HikariPool-1 - Starting...
2026-07-19 19:26:05.443 [main] ERROR com.enterprise.database.DatabaseManager - Failed to initialize Database Connection Pool.
com.zaxxer.hikari.pool.HikariPool$PoolInitializationException: Failed to initialize pool: FATAL: password authentication failed for user "postgres"
	at com.zaxxer.hikari.pool.HikariPool.throwPoolInitializationException(HikariPool.java:584)
	at com.zaxxer.hikari.pool.HikariPool.checkFailFast(HikariPool.java:571)
	at com.zaxxer.hikari.pool.HikariPool.<init>(HikariPool.java:98)
	at com.zaxxer.hikari.HikariDataSource.<init>(HikariDataSource.java:80)
	at com.enterprise.database.DatabaseManager.initialize(DatabaseManager.java:48)
	at com.enterprise.database.DatabaseManager.<clinit>(DatabaseManager.java:29)
	at com.enterprise.tests.db.CustomerDatabaseTest.testDatabaseCrudOperations(CustomerDatabaseTest.java:48)
	at java.base/jdk.internal.reflect.DirectMethodHandleAccessor.invoke(DirectMethodHandleAccessor.java:103)
	at java.base/java.lang.reflect.Method.invoke(Method.java:580)
	at org.testng.internal.invokers.MethodInvocationHelper.invokeMethod(MethodInvocationHelper.java:141)
	at org.testng.internal.invokers.TestInvoker.invokeMethod(TestInvoker.java:686)
	at org.testng.internal.invokers.TestInvoker.invokeTestMethod(TestInvoker.java:230)
	at org.testng.internal.invokers.MethodRunner.runInSequence(MethodRunner.java:63)
	at org.testng.internal.invokers.TestInvoker$MethodInvocationAgent.invoke(TestInvoker.java:992)
	at org.testng.internal.invokers.TestInvoker.invokeTestMethods(TestInvoker.java:203)
	at org.testng.internal.invokers.TestMethodWorker.invokeTestMethods(TestMethodWorker.java:154)
	at org.testng.internal.invokers.TestMethodWorker.run(TestMethodWorker.java:134)
	at java.base/java.util.ArrayList.forEach(ArrayList.java:1597)
	at org.testng.TestRunner.privateRun(TestRunner.java:739)
	at org.testng.TestRunner.run(TestRunner.java:614)
	at org.testng.SuiteRunner.runTest(SuiteRunner.java:421)
	at org.testng.SuiteRunner.runSequentially(SuiteRunner.java:413)
	at org.testng.SuiteRunner.privateRun(SuiteRunner.java:373)
	at org.testng.SuiteRunner.run(SuiteRunner.java:312)
	at org.testng.SuiteRunnerWorker.runSuite(SuiteRunnerWorker.java:52)
	at org.testng.SuiteRunnerWorker.run(SuiteRunnerWorker.java:95)
	at org.testng.TestNG.runSuitesSequentially(TestNG.java:1274)
	at org.testng.TestNG.runSuitesLocally(TestNG.java:1208)
	at org.testng.TestNG.runSuites(TestNG.java:1112)
	at org.testng.TestNG.run(TestNG.java:1079)
	at org.apache.maven.surefire.testng.TestNGExecutor.run(TestNGExecutor.java:155)
	at org.apache.maven.surefire.testng.TestNGDirectoryTestSuite.executeSingleClass(TestNGDirectoryTestSuite.java:102)
	at org.apache.maven.surefire.testng.TestNGDirectoryTestSuite.execute(TestNGDirectoryTestSuite.java:91)
	at org.apache.maven.surefire.testng.TestNGProvider.invoke(TestNGProvider.java:137)
	at org.apache.maven.surefire.booter.ForkedBooter.runSuitesInProcess(ForkedBooter.java:385)
	at org.apache.maven.surefire.booter.ForkedBooter.execute(ForkedBooter.java:162)
	at org.apache.maven.surefire.booter.ForkedBooter.run(ForkedBooter.java:507)
	at org.apache.maven.surefire.booter.ForkedBooter.main(ForkedBooter.java:495)
Caused by: org.postgresql.util.PSQLException: FATAL: password authentication failed for user "postgres"
	at org.postgresql.core.v3.ConnectionFactoryImpl.doAuthentication(ConnectionFactoryImpl.java:698)
	at org.postgresql.core.v3.ConnectionFactoryImpl.tryConnect(ConnectionFactoryImpl.java:207)
	at org.postgresql.core.v3.ConnectionFactoryImpl.openConnectionImpl(ConnectionFactoryImpl.java:262)
	at org.postgresql.core.ConnectionFactory.openConnection(ConnectionFactory.java:54)
	at org.postgresql.jdbc.PgConnection.<init>(PgConnection.java:273)
	at org.postgresql.Driver.makeConnection(Driver.java:446)
	at org.postgresql.Driver.connect(Driver.java:298)
	at com.zaxxer.hikari.util.DriverDataSource.getConnection(DriverDataSource.java:137)
	at com.zaxxer.hikari.pool.PoolBase.newConnection(PoolBase.java:360)
	at com.zaxxer.hikari.pool.PoolBase.newPoolEntry(PoolBase.java:202)
	at com.zaxxer.hikari.pool.HikariPool.createPoolEntry(HikariPool.java:461)
	at com.zaxxer.hikari.pool.HikariPool.checkFailFast(HikariPool.java:550)
	... 36 more
2026-07-19 19:29:36.514 [main] INFO  com.enterprise.database.DatabaseManager - Initializing Database Connection Pool...
2026-07-19 19:29:36.537 [main] INFO  com.enterprise.config.ConfigManager - System property 'env' not set. Defaulting to 'qa' environment.
2026-07-19 19:29:36.566 [main] INFO  com.enterprise.config.ConfigManager - Successfully loaded configuration properties from: config/qa.properties
2026-07-19 19:29:36.589 [main] WARN  com.enterprise.config.ConfigManager - Property key 'db.pool.max' not found in configurations.
2026-07-19 19:29:36.589 [main] WARN  com.enterprise.config.ConfigManager - Property key 'db.pool.idle' not found in configurations.
2026-07-19 19:29:36.616 [main] INFO  com.zaxxer.hikari.HikariDataSource - HikariPool-1 - Starting...
2026-07-19 19:29:38.363 [main] ERROR com.enterprise.database.DatabaseManager - Failed to initialize Database Connection Pool.
com.zaxxer.hikari.pool.HikariPool$PoolInitializationException: Failed to initialize pool: FATAL: database "automation_db_qa" does not exist
	at com.zaxxer.hikari.pool.HikariPool.throwPoolInitializationException(HikariPool.java:584)
	at com.zaxxer.hikari.pool.HikariPool.checkFailFast(HikariPool.java:571)
	at com.zaxxer.hikari.pool.HikariPool.<init>(HikariPool.java:98)
	at com.zaxxer.hikari.HikariDataSource.<init>(HikariDataSource.java:80)
	at com.enterprise.database.DatabaseManager.initialize(DatabaseManager.java:48)
	at com.enterprise.database.DatabaseManager.<clinit>(DatabaseManager.java:29)
	at com.enterprise.tests.db.CustomerDatabaseTest.testDatabaseCrudOperations(CustomerDatabaseTest.java:48)
	at java.base/jdk.internal.reflect.DirectMethodHandleAccessor.invoke(DirectMethodHandleAccessor.java:103)
	at java.base/java.lang.reflect.Method.invoke(Method.java:580)
	at org.testng.internal.invokers.MethodInvocationHelper.invokeMethod(MethodInvocationHelper.java:141)
	at org.testng.internal.invokers.TestInvoker.invokeMethod(TestInvoker.java:686)
	at org.testng.internal.invokers.TestInvoker.invokeTestMethod(TestInvoker.java:230)
	at org.testng.internal.invokers.MethodRunner.runInSequence(MethodRunner.java:63)
	at org.testng.internal.invokers.TestInvoker$MethodInvocationAgent.invoke(TestInvoker.java:992)
	at org.testng.internal.invokers.TestInvoker.invokeTestMethods(TestInvoker.java:203)
	at org.testng.internal.invokers.TestMethodWorker.invokeTestMethods(TestMethodWorker.java:154)
	at org.testng.internal.invokers.TestMethodWorker.run(TestMethodWorker.java:134)
	at java.base/java.util.ArrayList.forEach(ArrayList.java:1597)
	at org.testng.TestRunner.privateRun(TestRunner.java:739)
	at org.testng.TestRunner.run(TestRunner.java:614)
	at org.testng.SuiteRunner.runTest(SuiteRunner.java:421)
	at org.testng.SuiteRunner.runSequentially(SuiteRunner.java:413)
	at org.testng.SuiteRunner.privateRun(SuiteRunner.java:373)
	at org.testng.SuiteRunner.run(SuiteRunner.java:312)
	at org.testng.SuiteRunnerWorker.runSuite(SuiteRunnerWorker.java:52)
	at org.testng.SuiteRunnerWorker.run(SuiteRunnerWorker.java:95)
	at org.testng.TestNG.runSuitesSequentially(TestNG.java:1274)
	at org.testng.TestNG.runSuitesLocally(TestNG.java:1208)
	at org.testng.TestNG.runSuites(TestNG.java:1112)
	at org.testng.TestNG.run(TestNG.java:1079)
	at org.apache.maven.surefire.testng.TestNGExecutor.run(TestNGExecutor.java:155)
	at org.apache.maven.surefire.testng.TestNGDirectoryTestSuite.executeSingleClass(TestNGDirectoryTestSuite.java:102)
	at org.apache.maven.surefire.testng.TestNGDirectoryTestSuite.execute(TestNGDirectoryTestSuite.java:91)
	at org.apache.maven.surefire.testng.TestNGProvider.invoke(TestNGProvider.java:137)
	at org.apache.maven.surefire.booter.ForkedBooter.runSuitesInProcess(ForkedBooter.java:385)
	at org.apache.maven.surefire.booter.ForkedBooter.execute(ForkedBooter.java:162)
	at org.apache.maven.surefire.booter.ForkedBooter.run(ForkedBooter.java:507)
	at org.apache.maven.surefire.booter.ForkedBooter.main(ForkedBooter.java:495)
Caused by: org.postgresql.util.PSQLException: FATAL: database "automation_db_qa" does not exist
	at org.postgresql.core.v3.QueryExecutorImpl.receiveErrorResponse(QueryExecutorImpl.java:2725)
	at org.postgresql.core.v3.QueryExecutorImpl.readStartupMessages(QueryExecutorImpl.java:2837)
	at org.postgresql.core.v3.QueryExecutorImpl.<init>(QueryExecutorImpl.java:175)
	at org.postgresql.core.v3.ConnectionFactoryImpl.openConnectionImpl(ConnectionFactoryImpl.java:317)
	at org.postgresql.core.ConnectionFactory.openConnection(ConnectionFactory.java:54)
	at org.postgresql.jdbc.PgConnection.<init>(PgConnection.java:273)
	at org.postgresql.Driver.makeConnection(Driver.java:446)
	at org.postgresql.Driver.connect(Driver.java:298)
	at com.zaxxer.hikari.util.DriverDataSource.getConnection(DriverDataSource.java:137)
	at com.zaxxer.hikari.pool.PoolBase.newConnection(PoolBase.java:360)
	at com.zaxxer.hikari.pool.PoolBase.newPoolEntry(PoolBase.java:202)
	at com.zaxxer.hikari.pool.HikariPool.createPoolEntry(HikariPool.java:461)
	at com.zaxxer.hikari.pool.HikariPool.checkFailFast(HikariPool.java:550)
	... 36 more
2026-07-19 19:30:20.115 [main] INFO  com.enterprise.database.DatabaseManager - Initializing Database Connection Pool...
2026-07-19 19:30:20.129 [main] INFO  com.enterprise.config.ConfigManager - System property 'env' not set. Defaulting to 'qa' environment.
2026-07-19 19:30:20.151 [main] INFO  com.enterprise.config.ConfigManager - Successfully loaded configuration properties from: config/qa.properties
2026-07-19 19:30:20.152 [main] INFO  com.enterprise.database.DatabaseManager - Checking if database 'automation_db_qa' exists on server...
2026-07-19 19:30:20.915 [main] INFO  com.enterprise.database.DatabaseManager - Database 'automation_db_qa' does not exist. Attempting creation...
2026-07-19 19:30:21.379 [main] INFO  com.enterprise.database.DatabaseManager - Database 'automation_db_qa' created successfully.
2026-07-19 19:30:21.385 [main] WARN  com.enterprise.config.ConfigManager - Property key 'db.pool.max' not found in configurations.
2026-07-19 19:30:21.385 [main] WARN  com.enterprise.config.ConfigManager - Property key 'db.pool.idle' not found in configurations.
2026-07-19 19:30:21.396 [main] INFO  com.zaxxer.hikari.HikariDataSource - HikariPool-1 - Starting...
2026-07-19 19:30:21.536 [main] INFO  com.zaxxer.hikari.pool.HikariPool - HikariPool-1 - Added connection org.postgresql.jdbc.PgConnection@45e140ae
2026-07-19 19:30:21.542 [main] INFO  com.zaxxer.hikari.HikariDataSource - HikariPool-1 - Start completed.
2026-07-19 19:30:21.542 [main] INFO  com.enterprise.database.DatabaseManager - Database Connection Pool successfully initialized.
2026-07-19 19:30:21.542 [main] INFO  com.enterprise.database.DatabaseManager - Running Flyway Database Migrations...
2026-07-19 19:30:22.649 [main] INFO  org.flywaydb.core.FlywayExecutor - Database: jdbc:postgresql://localhost:5432/automation_db_qa (PostgreSQL 18.4)
2026-07-19 19:30:22.684 [main] WARN  org.flywaydb.core.internal.database.base.Database - Flyway upgrade recommended: PostgreSQL 18.4 is newer than this version of Flyway and support has not been tested. The latest supported version of PostgreSQL is 16.
2026-07-19 19:30:22.766 [main] INFO  org.flywaydb.core.internal.schemahistory.JdbcTableSchemaHistory - Schema history table "public"."flyway_schema_history" does not exist yet
2026-07-19 19:30:22.778 [main] INFO  org.flywaydb.core.internal.command.DbValidate - Successfully validated 1 migration (execution time 00:00.056s)
2026-07-19 19:30:22.819 [main] INFO  org.flywaydb.core.internal.schemahistory.JdbcTableSchemaHistory - Creating Schema History table "public"."flyway_schema_history" ...
2026-07-19 19:30:23.019 [main] INFO  org.flywaydb.core.internal.command.DbMigrate - Current version of schema "public": << Empty Schema >>
2026-07-19 19:30:23.044 [main] INFO  org.flywaydb.core.internal.command.DbMigrate - Migrating schema "public" to version "1 - init schema"
2026-07-19 19:30:23.124 [main] INFO  org.flywaydb.core.internal.command.DbMigrate - Successfully applied 1 migration to schema "public", now at version v1 (execution time 00:00.034s)
2026-07-19 19:30:23.141 [main] INFO  com.enterprise.database.DatabaseManager - Database migrations executed successfully.
2026-07-19 19:30:23.141 [main] INFO  com.enterprise.database.DatabaseManager - Executing DB Update: INSERT INTO customers (first_name, last_name, email, phone, status) VALUES ('Temp', 'User', 'temp.user@example.com', '9999999999', 'PENDING')
2026-07-19 19:30:23.146 [main] INFO  com.enterprise.database.DatabaseManager - Update successful, rows affected: 1
2026-07-19 19:30:23.450 [main] INFO  com.enterprise.database.DatabaseManager - Executing DB Query: SELECT * FROM customers WHERE email = 'temp.user@example.com'
2026-07-19 19:30:23.455 [main] INFO  com.enterprise.database.DatabaseManager - Query returned 1 rows.
2026-07-19 19:30:23.479 [main] INFO  com.enterprise.database.DatabaseManager - Executing DB Update: DELETE FROM customers WHERE email = 'temp.user@example.com'
2026-07-19 19:30:23.482 [main] INFO  com.enterprise.database.DatabaseManager - Update successful, rows affected: 1
2026-07-19 19:30:23.687 [main] INFO  com.enterprise.database.DatabaseManager - Executing DB Query: SELECT * FROM customers WHERE email = 'john.doe@example.com'
2026-07-19 19:30:23.690 [main] INFO  com.enterprise.database.DatabaseManager - Query returned 1 rows.
